Functions run1 29.20
Functions run2 28.91
Functions run3 29.26
Functions median 29.20
Embeddings run1 2.66
Embeddings run2 2.23
Embeddings run3 2.34
Embeddings median 2.34
Isomorphisms run1 16.22
Isomorphisms run2 16.36
Isomorphisms run3 16.37
Isomorphisms median 16.36
Naturals run1 3.25
Naturals run2 2.96
Naturals run3 2.98
Naturals median 2.98
Recursion run1 3.46
Recursion run2 3.56
Recursion run3 3.63
Recursion median 3.56
Integers run1 3.49
Integers run2 3.24
Integers run3 3.27
Integers median 3.27
Booleans run1 2.43
Booleans run2 2.42
Booleans run3 2.40
Booleans median 2.42
Sum run1 12.53
Sum run2 12.49
Sum run3 12.50
Sum median 12.50
Quotient run1 2.62
Quotient run2 2.42
Quotient run3 2.50
Quotient median 2.50
Rationals run1 3.10
Rationals run2 3.07
Rationals run3 3.04
Rationals median 3.07
Transfer run1 2.12
Transfer run2 2.09
Transfer run3 2.12
Transfer median 2.12
TransferAlgebra run1 1.90
TransferAlgebra run2 1.97
TransferAlgebra run3 2.01
TransferAlgebra median 1.97
Examples run1 2.61
Examples run2 2.45
Examples run3 2.39
Examples median 2.45
Basic run1 1.90
Basic run2 1.91
Basic run3 2.02
Basic median 1.91
Def run1 2.41
Def run2 2.29
Def run3 2.33
Def median 2.33
Tactics run1 1.98
Tactics run2 2.01
Tactics run3 1.87
Tactics median 1.98
